// Jest Snapshot v1, https://goo.gl/fbAQLP

exports[`component / notification should render expect structure 1`] = `
<MNotification
  getNotificationList={[Function]}
/>
`;
